// Jest Snapshot v1, https://goo.gl/fbAQLP

exports[`<Order/> matches snapshot 1`] = `
<div>
  <header
    class="sc-bdnxRM kODaaW"
  >
    <div
      class="sc-gtsrHT bkbeeT"
    >
      <select
        name="lang"
      >
        <option
          value="en-us"
        >
          en
        </option>
        <option
          value="uk-UA"
        >
          ua
        </option>
      </select>
      <select
        name="theme"
      >
        <option
          value="dark"
        >
          dark
        </option>
        <option
          value="light"
        >
          light
        </option>
      </select>
      <h1>
        Order
      </h1>
    </div>
    <div
      class="sc-gtsrHT sc-dlnjwi bkbeeT jFMDrI"
    />
  </header>
  <a
    aria-current="page"
    class="active"
    href="/"
  >
    Basket is empty go to catalog
  </a>
</div>
`;
